The tags should be stripped in this case! No, seriously.