<html><body>This is base64 encoded HTML text, and the tags shouldn't be stripped.
<b>Bold text is bold!</b></body></html>