The HTML tags here are supposed to be stripped out.