<html><body><h1>The HTML tags here should remain intact.</h1></body></html>