<html><body>Multipart HTML message with just a single part!
</body></html>