<html><head>base64encoded HTML text inside a multipart message.</head></html>