This has no headers, so should be recognized as plain text.